===start===
aaa
bbb
===terminal===
===start===
aaa
bbb
===terminal===
[fatal]: 111
aa
vvvv
